2026-03-18 13:28:51,236 - __main__ - INFO - Initializing database...
2026-03-18 13:28:51,238 - sqlalchemy.engine.Engine - INFO - BEGIN (implicit)
2026-03-18 13:28:51,258 - sqlalchemy.engine.Engine - INFO - SELECT games.event_type, games.year, games.start_date, games.end_date, games.countries, games.events, games.sports, games.participants_m, games.participants_f, games.participants, games.highlights, games.url, games.id 
FROM games
2026-03-18 13:28:51,258 - sqlalchemy.engine.Engine - INFO - [generated in 0.00036s] ()
2026-03-18 13:28:51,260 - sqlalchemy.engine.Engine - INFO - ROLLBACK
2026-03-18 13:28:51,260 - __main__ - INFO - Application startup complete
2026-03-18 13:29:03,237 - sqlalchemy.engine.Engine - INFO - BEGIN (implicit)
2026-03-18 13:29:03,240 - sqlalchemy.engine.Engine - INFO - SELECT question.question_text, question.id 
FROM question
2026-03-18 13:29:03,240 - sqlalchemy.engine.Engine - INFO - [generated in 0.00061s] ()
2026-03-18 13:29:03,244 - sqlalchemy.engine.Engine - INFO - ROLLBACK
2026-03-18 13:29:03,252 - sqlalchemy.engine.Engine - INFO - BEGIN (implicit)
2026-03-18 13:29:03,255 - sqlalchemy.engine.Engine - INFO - SELECT question.question_text AS question_question_text, question.id AS question_id 
FROM question 
WHERE question.id = ?
2026-03-18 13:29:03,255 - sqlalchemy.engine.Engine - INFO - [generated in 0.00034s] (1,)
2026-03-18 13:29:03,257 - sqlalchemy.engine.Engine - INFO - ROLLBACK
2026-03-18 13:29:03,264 - sqlalchemy.engine.Engine - INFO - BEGIN (implicit)
2026-03-18 13:29:03,267 - sqlalchemy.engine.Engine - INFO - SELECT response.response_text, response.is_correct, response.id, response.question_id 
FROM response 
WHERE response.question_id = ?
2026-03-18 13:29:03,267 - sqlalchemy.engine.Engine - INFO - [generated in 0.00044s] (1,)
2026-03-18 13:29:03,270 - sqlalchemy.engine.Engine - INFO - ROLLBACK
2026-03-18 13:29:04,532 - sqlalchemy.engine.Engine - INFO - BEGIN (implicit)
2026-03-18 13:29:04,538 - sqlalchemy.engine.Engine - INFO - SELECT country.country_name, games.event_type, games.year, games.start_date, games.end_date, host.place_name, games.events, games.sports, games.countries, games.participants_m, games.participants_f, games.participants, host.latitude, host.longitude 
FROM games JOIN games_host AS games_host_1 ON games.id = games_host_1.games_id JOIN host ON host.id = games_host_1.host_id JOIN country ON host.country_id = country.id
2026-03-18 13:29:04,538 - sqlalchemy.engine.Engine - INFO - [generated in 0.00043s] ()
2026-03-18 13:29:04,541 - sqlalchemy.engine.Engine - INFO - ROLLBACK
2026-03-18 13:29:06,545 - sqlalchemy.engine.Engine - INFO - BEGIN (implicit)
2026-03-18 13:29:06,549 - sqlalchemy.engine.Engine - INFO - SELECT country.country_name, games.event_type, games.year, games.start_date, games.end_date, host.place_name, games.events, games.sports, games.countries, games.participants_m, games.participants_f, games.participants, host.latitude, host.longitude 
FROM games JOIN games_host AS games_host_1 ON games.id = games_host_1.games_id JOIN host ON host.id = games_host_1.host_id JOIN country ON host.country_id = country.id
2026-03-18 13:29:06,549 - sqlalchemy.engine.Engine - INFO - [generated in 0.00033s] ()
2026-03-18 13:29:06,553 - sqlalchemy.engine.Engine - INFO - ROLLBACK
2026-03-18 13:29:07,572 - sqlalchemy.engine.Engine - INFO - BEGIN (implicit)
2026-03-18 13:29:07,576 - sqlalchemy.engine.Engine - INFO - SELECT country.country_name, games.event_type, games.year, games.start_date, games.end_date, host.place_name, games.events, games.sports, games.countries, games.participants_m, games.participants_f, games.participants, host.latitude, host.longitude 
FROM games JOIN games_host AS games_host_1 ON games.id = games_host_1.games_id JOIN host ON host.id = games_host_1.host_id JOIN country ON host.country_id = country.id
2026-03-18 13:29:07,581 - sqlalchemy.engine.Engine - INFO - [generated in 0.00534s] ()
2026-03-18 13:29:07,585 - sqlalchemy.engine.Engine - INFO - ROLLBACK
2026-03-18 13:29:08,605 - sqlalchemy.engine.Engine - INFO - BEGIN (implicit)
2026-03-18 13:29:08,610 - sqlalchemy.engine.Engine - INFO - SELECT country.country_name, games.event_type, games.year, games.start_date, games.end_date, host.place_name, games.events, games.sports, games.countries, games.participants_m, games.participants_f, games.participants, host.latitude, host.longitude 
FROM games JOIN games_host AS games_host_1 ON games.id = games_host_1.games_id JOIN host ON host.id = games_host_1.host_id JOIN country ON host.country_id = country.id
2026-03-18 13:29:08,610 - sqlalchemy.engine.Engine - INFO - [generated in 0.00041s] ()
2026-03-18 13:29:08,613 - sqlalchemy.engine.Engine - INFO - ROLLBACK
2026-03-18 13:29:10,685 - sqlalchemy.engine.Engine - INFO - BEGIN (implicit)
2026-03-18 13:29:10,689 - sqlalchemy.engine.Engine - INFO - SELECT country.country_name, games.event_type, games.year, games.start_date, games.end_date, host.place_name, games.events, games.sports, games.countries, games.participants_m, games.participants_f, games.participants, host.latitude, host.longitude 
FROM games JOIN games_host AS games_host_1 ON games.id = games_host_1.games_id JOIN host ON host.id = games_host_1.host_id JOIN country ON host.country_id = country.id
2026-03-18 13:29:10,689 - sqlalchemy.engine.Engine - INFO - [generated in 0.00046s] ()
2026-03-18 13:29:10,693 - sqlalchemy.engine.Engine - INFO - ROLLBACK
2026-03-18 13:29:11,118 - sqlalchemy.engine.Engine - INFO - BEGIN (implicit)
2026-03-18 13:29:11,123 - sqlalchemy.engine.Engine - INFO - SELECT country.country_name, games.event_type, games.year, games.start_date, games.end_date, host.place_name, games.events, games.sports, games.countries, games.participants_m, games.participants_f, games.participants, host.latitude, host.longitude 
FROM games JOIN games_host AS games_host_1 ON games.id = games_host_1.games_id JOIN host ON host.id = games_host_1.host_id JOIN country ON host.country_id = country.id
2026-03-18 13:29:11,124 - sqlalchemy.engine.Engine - INFO - [generated in 0.00042s] ()
2026-03-18 13:29:11,128 - sqlalchemy.engine.Engine - INFO - ROLLBACK
2026-03-18 13:29:11,193 - sqlalchemy.engine.Engine - INFO - BEGIN (implicit)
2026-03-18 13:29:11,196 - sqlalchemy.engine.Engine - INFO - SELECT country.country_name, games.event_type, games.year, games.start_date, games.end_date, host.place_name, games.events, games.sports, games.countries, games.participants_m, games.participants_f, games.participants, host.latitude, host.longitude 
FROM games JOIN games_host AS games_host_1 ON games.id = games_host_1.games_id JOIN host ON host.id = games_host_1.host_id JOIN country ON host.country_id = country.id
2026-03-18 13:29:11,197 - sqlalchemy.engine.Engine - INFO - [generated in 0.00029s] ()
2026-03-18 13:29:11,200 - sqlalchemy.engine.Engine - INFO - ROLLBACK
2026-03-18 13:29:11,500 - sqlalchemy.engine.Engine - INFO - BEGIN (implicit)
2026-03-18 13:29:11,504 - sqlalchemy.engine.Engine - INFO - SELECT country.country_name, games.event_type, games.year, games.start_date, games.end_date, host.place_name, games.events, games.sports, games.countries, games.participants_m, games.participants_f, games.participants, host.latitude, host.longitude 
FROM games JOIN games_host AS games_host_1 ON games.id = games_host_1.games_id JOIN host ON host.id = games_host_1.host_id JOIN country ON host.country_id = country.id
2026-03-18 13:29:11,504 - sqlalchemy.engine.Engine - INFO - [generated in 0.00036s] ()
2026-03-18 13:29:11,509 - sqlalchemy.engine.Engine - INFO - ROLLBACK
2026-03-18 13:29:12,133 - sqlalchemy.engine.Engine - INFO - BEGIN (implicit)
2026-03-18 13:29:12,137 - sqlalchemy.engine.Engine - INFO - SELECT country.country_name, games.event_type, games.year, games.start_date, games.end_date, host.place_name, games.events, games.sports, games.countries, games.participants_m, games.participants_f, games.participants, host.latitude, host.longitude 
FROM games JOIN games_host AS games_host_1 ON games.id = games_host_1.games_id JOIN host ON host.id = games_host_1.host_id JOIN country ON host.country_id = country.id
2026-03-18 13:29:12,137 - sqlalchemy.engine.Engine - INFO - [generated in 0.00032s] ()
2026-03-18 13:29:12,141 - sqlalchemy.engine.Engine - INFO - ROLLBACK
2026-03-18 13:29:12,438 - sqlalchemy.engine.Engine - INFO - BEGIN (implicit)
2026-03-18 13:29:12,442 - sqlalchemy.engine.Engine - INFO - SELECT country.country_name, games.event_type, games.year, games.start_date, games.end_date, host.place_name, games.events, games.sports, games.countries, games.participants_m, games.participants_f, games.participants, host.latitude, host.longitude 
FROM games JOIN games_host AS games_host_1 ON games.id = games_host_1.games_id JOIN host ON host.id = games_host_1.host_id JOIN country ON host.country_id = country.id
2026-03-18 13:29:12,442 - sqlalchemy.engine.Engine - INFO - [generated in 0.00052s] ()
2026-03-18 13:29:12,450 - sqlalchemy.engine.Engine - INFO - ROLLBACK
2026-03-18 13:29:12,512 - sqlalchemy.engine.Engine - INFO - BEGIN (implicit)
2026-03-18 13:29:12,516 - sqlalchemy.engine.Engine - INFO - SELECT country.country_name, games.event_type, games.year, games.start_date, games.end_date, host.place_name, games.events, games.sports, games.countries, games.participants_m, games.participants_f, games.participants, host.latitude, host.longitude 
FROM games JOIN games_host AS games_host_1 ON games.id = games_host_1.games_id JOIN host ON host.id = games_host_1.host_id JOIN country ON host.country_id = country.id
2026-03-18 13:29:12,516 - sqlalchemy.engine.Engine - INFO - [generated in 0.00034s] ()
2026-03-18 13:29:12,519 - sqlalchemy.engine.Engine - INFO - ROLLBACK
2026-03-18 13:29:12,822 - sqlalchemy.engine.Engine - INFO - BEGIN (implicit)
2026-03-18 13:29:12,826 - sqlalchemy.engine.Engine - INFO - SELECT country.country_name, games.event_type, games.year, games.start_date, games.end_date, host.place_name, games.events, games.sports, games.countries, games.participants_m, games.participants_f, games.participants, host.latitude, host.longitude 
FROM games JOIN games_host AS games_host_1 ON games.id = games_host_1.games_id JOIN host ON host.id = games_host_1.host_id JOIN country ON host.country_id = country.id
2026-03-18 13:29:12,827 - sqlalchemy.engine.Engine - INFO - [generated in 0.00037s] ()
2026-03-18 13:29:12,830 - sqlalchemy.engine.Engine - INFO - ROLLBACK
2026-03-18 13:29:14,152 - sqlalchemy.engine.Engine - INFO - BEGIN (implicit)
2026-03-18 13:29:14,156 - sqlalchemy.engine.Engine - INFO - SELECT country.country_name, games.event_type, games.year, games.start_date, games.end_date, host.place_name, games.events, games.sports, games.countries, games.participants_m, games.participants_f, games.participants, host.latitude, host.longitude 
FROM games JOIN games_host AS games_host_1 ON games.id = games_host_1.games_id JOIN host ON host.id = games_host_1.host_id JOIN country ON host.country_id = country.id
2026-03-18 13:29:14,156 - sqlalchemy.engine.Engine - INFO - [generated in 0.00035s] ()
2026-03-18 13:29:14,160 - sqlalchemy.engine.Engine - INFO - ROLLBACK
